
> build
> nuxt build

Ôöî  [36mBuilding Nuxt for production...[39m
Ôöé
ÔùÅ  [32mNuxt [1m4.4.4[22m[39m[90m (with [39m[90mNitro [1m2.13.4[22m[39m[90m, Vite [1m7.3.2[22m[39m[90m and Vue [1m3.5.34[22m[39m[90m)[39m
[90m[[90mnuxt:tailwindcss[90m][39m [36mÔä╣[39m Using Tailwind CSS from ~/assets/css/main.css
Ôöé
ÔùÅ  Nitro preset: [36mvercel[39m
[36mÔä╣[39m Building client...
[36mÔä╣[39m [36mvite v7.3.2 [32mbuilding client environment for production...[36m[39m
[36mÔä╣[39m transforming...
[36mÔä╣[39m [32mÔ£ô[39m 2058 modules transformed.
[36mÔä╣[39m rendering chunks...
[36mÔä╣[39m computing gzip size...
[36mÔä╣[39m [2mnode_modules/.cache/nuxt/.nuxt/dist/client/[22m[32mmanifest.json                        [39m[1m[2m   12.50 kB[22m[1m[22m[2m Ôöé gzip:   1.83 kB[22m
[36mÔä╣[39m [2mnode_modules/.cache/nuxt/.nuxt/dist/client/[22m[32m_nuxt/login.Do0xIFDS.png             [39m[1m[2m1,892.59 kB[22m[1m[22m
[36mÔä╣[39m [2mnode_modules/.cache/nuxt/.nuxt/dist/client/[22m[35m_nuxt/institutions.DkrOKi_4.css      [39m[1m[2m    0.22 kB[22m[1m[22m[2m Ôöé gzip:   0.14 kB[22m
[36mÔä╣[39m [2mnode_modules/.cache/nuxt/.nuxt/dist/client/[22m[35m_nuxt/login.B5LUYkb6.css             [39m[1m[2m    0.53 kB[22m[1m[22m[2m Ôöé gzip:   0.18 kB[22m
[36mÔä╣[39m [2mnode_modules/.cache/nuxt/.nuxt/dist/client/[22m[35m_nuxt/paes-simulator.DA4eC1Hl.css    [39m[1m[2m    0.61 kB[22m[1m[22m[2m Ôöé gzip:   0.24 kB[22m
[36mÔä╣[39m [2mnode_modules/.cache/nuxt/.nuxt/dist/client/[22m[35m_nuxt/ResultsChatPanel.Rp1p4_qq.css  [39m[1m[2m    2.76 kB[22m[1m[22m[2m Ôöé gzip:   0.95 kB[22m
[36mÔä╣[39m [2mnode_modules/.cache/nuxt/.nuxt/dist/client/[22m[35m_nuxt/chat.CD_ixhNv.css              [39m[1m[2m    5.18 kB[22m[1m[22m[2m Ôöé gzip:   1.53 kB[22m
[36mÔä╣[39m [2mnode_modules/.cache/nuxt/.nuxt/dist/client/[22m[35m_nuxt/entry.G6tIvxYf.css             [39m[1m[2m   79.36 kB[22m[1m[22m[2m Ôöé gzip:  14.11 kB[22m
[36mÔä╣[39m [2mnode_modules/.cache/nuxt/.nuxt/dist/client/[22m[36m_nuxt/AEAwTWN6.js                    [39m[1m[2m    0.06 kB[22m[1m[22m[2m Ôöé gzip:   0.08 kB[22m
[36mÔä╣[39m [2mnode_modules/.cache/nuxt/.nuxt/dist/client/[22m[36m_nuxt/CFQjd3U7.js                    [39m[1m[2m    0.12 kB[22m[1m[22m[2m Ôöé gzip:   0.13 kB[22m
[36mÔä╣[39m [2mnode_modules/.cache/nuxt/.nuxt/dist/client/[22m[36m_nuxt/CskJU1pI.js                    [39m[1m[2m    0.17 kB[22m[1m[22m[2m Ôöé gzip:   0.16 kB[22m
[36mÔä╣[39m [2mnode_modules/.cache/nuxt/.nuxt/dist/client/[22m[36m_nuxt/CIBiD7bb.js                    [39m[1m[2m    0.17 kB[22m[1m[22m[2m Ôöé gzip:   0.17 kB[22m
[36mÔä╣[39m [2mnode_modules/.cache/nuxt/.nuxt/dist/client/[22m[36m_nuxt/Cn57Vw9J.js                    [39m[1m[2m    0.17 kB[22m[1m[22m[2m Ôöé gzip:   0.16 kB[22m
[36mÔä╣[39m [2mnode_modules/.cache/nuxt/.nuxt/dist/client/[22m[36m_nuxt/C7koOkmS.js                    [39m[1m[2m    0.24 kB[22m[1m[22m[2m Ôöé gzip:   0.20 kB[22m
[36mÔä╣[39m [2mnode_modules/.cache/nuxt/.nuxt/dist/client/[22m[36m_nuxt/DDoy3PpO.js                    [39m[1m[2m    0.24 kB[22m[1m[22m[2m Ôöé gzip:   0.21 kB[22m
[36mÔä╣[39m [2mnode_modules/.cache/nuxt/.nuxt/dist/client/[22m[36m_nuxt/Bfy3EOn-.js                    [39m[1m[2m    0.24 kB[22m[1m[22m[2m Ôöé gzip:   0.19 kB[22m
[36mÔä╣[39m [2mnode_modules/.cache/nuxt/.nuxt/dist/client/[22m[36m_nuxt/fXnC75C2.js                    [39m[1m[2m    0.24 kB[22m[1m[22m[2m Ôöé gzip:   0.20 kB[22m
[36mÔä╣[39m [2mnode_modules/.cache/nuxt/.nuxt/dist/client/[22m[36m_nuxt/xBoBlsOt.js                    [39m[1m[2m    0.27 kB[22m[1m[22m[2m Ôöé gzip:   0.22 kB[22m
[36mÔä╣[39m [2mnode_modules/.cache/nuxt/.nuxt/dist/client/[22m[36m_nuxt/BJb5h0iH.js                    [39m[1m[2m    0.27 kB[22m[1m[22m[2m Ôöé gzip:   0.20 kB[22m
[36mÔä╣[39m [2mnode_modules/.cache/nuxt/.nuxt/dist/client/[22m[36m_nuxt/Vj2DU5V0.js                    [39m[1m[2m    0.28 kB[22m[1m[22m[2m Ôöé gzip:   0.22 kB[22m
[36mÔä╣[39m [2mnode_modules/.cache/nuxt/.nuxt/dist/client/[22m[36m_nuxt/C0lzrjvS.js                    [39m[1m[2m    0.28 kB[22m[1m[22m[2m Ôöé gzip:   0.20 kB[22m
[36mÔä╣[39m [2mnode_modules/.cache/nuxt/.nuxt/dist/client/[22m[36m_nuxt/C7xSQaRN.js                    [39m[1m[2m    0.28 kB[22m[1m[22m[2m Ôöé gzip:   0.23 kB[22m
[36mÔä╣[39m [2mnode_modules/.cache/nuxt/.nuxt/dist/client/[22m[36m_nuxt/hT-NkOM_.js                    [39m[1m[2m    0.30 kB[22m[1m[22m[2m Ôöé gzip:   0.22 kB[22m
[36mÔä╣[39m [2mnode_modules/.cache/nuxt/.nuxt/dist/client/[22m[36m_nuxt/nQHrDgWw.js                    [39m[1m[2m    0.32 kB[22m[1m[22m[2m Ôöé gzip:   0.24 kB[22m
[36mÔä╣[39m [2mnode_modules/.cache/nuxt/.nuxt/dist/client/[22m[36m_nuxt/CbeoJwPD.js                    [39m[1m[2m    0.32 kB[22m[1m[22m[2m Ôöé gzip:   0.24 kB[22m
[36mÔä╣[39m [2mnode_modules/.cache/nuxt/.nuxt/dist/client/[22m[36m_nuxt/CskXMAp8.js                    [39m[1m[2m    0.37 kB[22m[1m[22m[2m Ôöé gzip:   0.24 kB[22m
[36mÔä╣[39m [2mnode_modules/.cache/nuxt/.nuxt/dist/client/[22m[36m_nuxt/BO3LuKr2.js                    [39m[1m[2m    0.39 kB[22m[1m[22m[2m Ôöé gzip:   0.26 kB[22m
[36mÔä╣[39m [2mnode_modules/.cache/nuxt/.nuxt/dist/client/[22m[36m_nuxt/DArzBliF.js                    [39m[1m[2m    0.45 kB[22m[1m[22m[2m Ôöé gzip:   0.29 kB[22m
[36mÔä╣[39m [2mnode_modules/.cache/nuxt/.nuxt/dist/client/[22m[36m_nuxt/JYkIqHP3.js                    [39m[1m[2m    0.49 kB[22m[1m[22m[2m Ôöé gzip:   0.28 kB[22m
[36mÔä╣[39m [2mnode_modules/.cache/nuxt/.nuxt/dist/client/[22m[36m_nuxt/TEHhelzq.js                    [39m[1m[2m    0.51 kB[22m[1m[22m[2m Ôöé gzip:   0.31 kB[22m
[36mÔä╣[39m [2mnode_modules/.cache/nuxt/.nuxt/dist/client/[22m[36m_nuxt/DxvsBZ-r.js                    [39m[1m[2m    0.70 kB[22m[1m[22m[2m Ôöé gzip:   0.43 kB[22m
[36mÔä╣[39m [2mnode_modules/.cache/nuxt/.nuxt/dist/client/[22m[36m_nuxt/uWdFJnCO.js                    [39m[1m[2m    0.74 kB[22m[1m[22m[2m Ôöé gzip:   0.47 kB[22m
[36mÔä╣[39m [2mnode_modules/.cache/nuxt/.nuxt/dist/client/[22m[36m_nuxt/DlSD8tPQ.js                    [39m[1m[2m    1.03 kB[22m[1m[22m[2m Ôöé gzip:   0.51 kB[22m
[36mÔä╣[39m [2mnode_modules/.cache/nuxt/.nuxt/dist/client/[22m[36m_nuxt/CDBj96t5.js                    [39m[1m[2m    1.05 kB[22m[1m[22m[2m Ôöé gzip:   0.63 kB[22m
[36mÔä╣[39m [2mnode_modules/.cache/nuxt/.nuxt/dist/client/[22m[36m_nuxt/CLela-k0.js                    [39m[1m[2m    1.11 kB[22m[1m[22m[2m Ôöé gzip:   0.62 kB[22m
[36mÔä╣[39m [2mnode_modules/.cache/nuxt/.nuxt/dist/client/[22m[36m_nuxt/DjO79SKR.js                    [39m[1m[2m    1.58 kB[22m[1m[22m[2m Ôöé gzip:   0.84 kB[22m
[36mÔä╣[39m [2mnode_modules/.cache/nuxt/.nuxt/dist/client/[22m[36m_nuxt/fyuMBf7e.js                    [39m[1m[2m    2.48 kB[22m[1m[22m[2m Ôöé gzip:   1.35 kB[22m
[36mÔä╣[39m [2mnode_modules/.cache/nuxt/.nuxt/dist/client/[22m[36m_nuxt/C-F1F9Vl.js                    [39m[1m[2m    2.87 kB[22m[1m[22m[2m Ôöé gzip:   1.23 kB[22m
[36mÔä╣[39m [2mnode_modules/.cache/nuxt/.nuxt/dist/client/[22m[36m_nuxt/BDXU_GBt.js                    [39m[1m[2m    4.63 kB[22m[1m[22m[2m Ôöé gzip:   2.34 kB[22m
[36mÔä╣[39m [2mnode_modules/.cache/nuxt/.nuxt/dist/client/[22m[36m_nuxt/D3uM5xI9.js                    [39m[1m[2m    5.13 kB[22m[1m[22m[2m Ôöé gzip:   1.99 kB[22m
[36mÔä╣[39m [2mnode_modules/.cache/nuxt/.nuxt/dist/client/[22m[36m_nuxt/rFXJ5iGV.js                    [39m[1m[2m    6.55 kB[22m[1m[22m[2m Ôöé gzip:   2.97 kB[22m
[36mÔä╣[39m [2mnode_modules/.cache/nuxt/.nuxt/dist/client/[22m[36m_nuxt/CfVUxh2N.js                    [39m[1m[2m    7.26 kB[22m[1m[22m[2m Ôöé gzip:   3.00 kB[22m
[36mÔä╣[39m [2mnode_modules/.cache/nuxt/.nuxt/dist/client/[22m[36m_nuxt/BD7Ma1A4.js                    [39m[1m[2m    7.65 kB[22m[1m[22m[2m Ôöé gzip:   2.53 kB[22m
[36mÔä╣[39m [2mnode_modules/.cache/nuxt/.nuxt/dist/client/[22m[36m_nuxt/8l_FHNpF.js                    [39m[1m[2m   10.64 kB[22m[1m[22m[2m Ôöé gzip:   4.66 kB[22m
[36mÔä╣[39m [2mnode_modules/.cache/nuxt/.nuxt/dist/client/[22m[36m_nuxt/DcP4orOe.js                    [39m[1m[2m   12.57 kB[22m[1m[22m[2m Ôöé gzip:   4.74 kB[22m
[36mÔä╣[39m [2mnode_modules/.cache/nuxt/.nuxt/dist/client/[22m[36m_nuxt/C3gWrsPm.js                    [39m[1m[2m   13.63 kB[22m[1m[22m[2m Ôöé gzip:   5.54 kB[22m
[36mÔä╣[39m [2mnode_modules/.cache/nuxt/.nuxt/dist/client/[22m[36m_nuxt/DItUw9rm.js                    [39m[1m[2m   17.25 kB[22m[1m[22m[2m Ôöé gzip:   5.51 kB[22m
[36mÔä╣[39m [2mnode_modules/.cache/nuxt/.nuxt/dist/client/[22m[36m_nuxt/DGtFMJdW.js                    [39m[1m[2m   17.79 kB[22m[1m[22m[2m Ôöé gzip:   6.31 kB[22m
[36mÔä╣[39m [2mnode_modules/.cache/nuxt/.nuxt/dist/client/[22m[36m_nuxt/BiAqbp4D.js                    [39m[1m[2m   18.28 kB[22m[1m[22m[2m Ôöé gzip:   6.01 kB[22m
[36mÔä╣[39m [2mnode_modules/.cache/nuxt/.nuxt/dist/client/[22m[36m_nuxt/DaoRN9SE.js                    [39m[1m[2m   18.53 kB[22m[1m[22m[2m Ôöé gzip:   6.28 kB[22m
[36mÔä╣[39m [2mnode_modules/.cache/nuxt/.nuxt/dist/client/[22m[36m_nuxt/CCguaF4X.js                    [39m[1m[2m   20.26 kB[22m[1m[22m[2m Ôöé gzip:   7.14 kB[22m
[36mÔä╣[39m [2mnode_modules/.cache/nuxt/.nuxt/dist/client/[22m[36m_nuxt/D3y5pDYw.js                    [39m[1m[2m   23.52 kB[22m[1m[22m[2m Ôöé gzip:   6.75 kB[22m
[36mÔä╣[39m [2mnode_modules/.cache/nuxt/.nuxt/dist/client/[22m[36m_nuxt/CqmirZDl.js                    [39m[1m[2m   40.57 kB[22m[1m[22m[2m Ôöé gzip:  11.92 kB[22m
[36mÔä╣[39m [2mnode_modules/.cache/nuxt/.nuxt/dist/client/[22m[36m_nuxt/DIGteVhe.js                    [39m[1m[2m   41.28 kB[22m[1m[22m[2m Ôöé gzip:  12.48 kB[22m
[36mÔä╣[39m [2mnode_modules/.cache/nuxt/.nuxt/dist/client/[22m[36m_nuxt/C6LMT4vH.js                    [39m[1m[2m   42.01 kB[22m[1m[22m[2m Ôöé gzip:  10.07 kB[22m
[36mÔä╣[39m [2mnode_modules/.cache/nuxt/.nuxt/dist/client/[22m[36m_nuxt/SINONkOT.js                    [39m[1m[2m   43.52 kB[22m[1m[22m[2m Ôöé gzip:  11.72 kB[22m
[36mÔä╣[39m [2mnode_modules/.cache/nuxt/.nuxt/dist/client/[22m[36m_nuxt/B2a0blT7.js                    [39m[1m[2m   49.78 kB[22m[1m[22m[2m Ôöé gzip:  13.50 kB[22m
[36mÔä╣[39m [2mnode_modules/.cache/nuxt/.nuxt/dist/client/[22m[36m_nuxt/A5HdKJaP.js                    [39m[1m[2m  461.85 kB[22m[1m[22m[2m Ôöé gzip: 147.70 kB[22m
[36mÔä╣[39m [32mÔ£ô built in 11.76s[39m
[32mÔ£ö[39m Client built in 11779ms
[36mÔä╣[39m Building server...
[36mÔä╣[39m [36mvite v7.3.2 [32mbuilding ssr environment for production...[36m[39m
[36mÔä╣[39m transforming...
[36mÔä╣[39m [32mÔ£ô[39m 228 modules transformed.
[36mÔä╣[39m rendering chunks...
[36mÔä╣[39m [32mÔ£ô built in 3.89s[39m
[32mÔ£ö[39m Server built in 3915ms
[90m[[90mnitro[90m][39m [32mÔ£ö[39m Generated public [36m.vercel/output/static[39m
[90m[[90mnitro[90m][39m [36mÔä╣[39m Building Nuxt Nitro server (preset: [36mvercel[39m, compatibility date: [36m2025-05-01[39m)
[90m[[90mnitro[90m][39m [32mÔ£ö[39m Nuxt Nitro server built
[90m  Ôö£ÔöÇ .vercel/output/functions/__fallback.func/chunks/_/error-500.mjs (5.09 kB)[39m[90m (2.07 kB gzip)[39m
[90m  Ôö£ÔöÇ .vercel/output/functions/__fallback.func/chunks/_/error-500.mjs.map (188 B)[39m[90m (154 B gzip)[39m
[90m  Ôö£ÔöÇ .vercel/output/functions/__fallback.func/chunks/_/gratuidad.mjs (1.78 kB)[39m[90m (838 B gzip)[39m
[90m  Ôö£ÔöÇ .vercel/output/functions/__fallback.func/chunks/_/gratuidad.mjs.map (1.63 kB)[39m[90m (521 B gzip)[39m
[90m  Ôö£ÔöÇ .vercel/output/functions/__fallback.func/chunks/_/institution-resolver.mjs (5.46 kB)[39m[90m (1.98 kB gzip)[39m
[90m  Ôö£ÔöÇ .vercel/output/functions/__fallback.func/chunks/_/institution-resolver.mjs.map (6.96 kB)[39m[90m (1.71 kB gzip)[39m
[90m  Ôö£ÔöÇ .vercel/output/functions/__fallback.func/chunks/_/nitro.mjs (154 kB)[39m[90m (37.9 kB gzip)[39m
[90m  Ôö£ÔöÇ .vercel/output/functions/__fallback.func/chunks/_/nitro.mjs.map (2.86 kB)[39m[90m (677 B gzip)[39m
[90m  Ôö£ÔöÇ .vercel/output/functions/__fallback.func/chunks/_/official-salary.mjs (3.87 kB)[39m[90m (1.49 kB gzip)[39m
[90m  Ôö£ÔöÇ .vercel/output/functions/__fallback.func/chunks/_/official-salary.mjs.map (4.26 kB)[39m[90m (775 B gzip)[39m
[90m  Ôö£ÔöÇ .vercel/output/functions/__fallback.func/chunks/_/require-admin.mjs (1.86 kB)[39m[90m (757 B gzip)[39m
[90m  Ôö£ÔöÇ .vercel/output/functions/__fallback.func/chunks/_/require-admin.mjs.map (1.92 kB)[39m[90m (414 B gzip)[39m
[90m  Ôö£ÔöÇ .vercel/output/functions/__fallback.func/chunks/_/require-auth.mjs (6.47 kB)[39m[90m (1.94 kB gzip)[39m
[90m  Ôö£ÔöÇ .vercel/output/functions/__fallback.func/chunks/_/require-auth.mjs.map (6.3 kB)[39m[90m (1.02 kB gzip)[39m
[90m  Ôö£ÔöÇ .vercel/output/functions/__fallback.func/chunks/_/supabase-clients.mjs (1.68 kB)[39m[90m (610 B gzip)[39m
[90m  Ôö£ÔöÇ .vercel/output/functions/__fallback.func/chunks/_/supabase-clients.mjs.map (1.57 kB)[39m[90m (408 B gzip)[39m
[90m  Ôö£ÔöÇ .vercel/output/functions/__fallback.func/chunks/_/usage-logger.mjs (5.16 kB)[39m[90m (1.75 kB gzip)[39m
[90m  Ôö£ÔöÇ .vercel/output/functions/__fallback.func/chunks/_/usage-logger.mjs.map (5.19 kB)[39m[90m (883 B gzip)[39m
[90m  Ôö£ÔöÇ .vercel/output/functions/__fallback.func/chunks/build/_careerId_-C6nporID.mjs (52.6 kB)[39m[90m (10.8 kB gzip)[39m
[90m  Ôö£ÔöÇ .vercel/output/functions/__fallback.func/chunks/build/_careerId_-C6nporID.mjs.map (201 B)[39m[90m (160 B gzip)[39m
[90m  Ôö£ÔöÇ .vercel/output/functions/__fallback.func/chunks/build/_id_-DGTKLrDp.mjs (8.32 kB)[39m[90m (2.5 kB gzip)[39m
[90m  Ôö£ÔöÇ .vercel/output/functions/__fallback.func/chunks/build/_id_-DGTKLrDp.mjs.map (189 B)[39m[90m (157 B gzip)[39m
[90m  Ôö£ÔöÇ .vercel/output/functions/__fallback.func/chunks/build/_id_-DTzkc9qG.mjs (27.2 kB)[39m[90m (7.21 kB gzip)[39m
[90m  Ôö£ÔöÇ .vercel/output/functions/__fallback.func/chunks/build/_id_-DTzkc9qG.mjs.map (189 B)[39m[90m (157 B gzip)[39m
[90m  Ôö£ÔöÇ .vercel/output/functions/__fallback.func/chunks/build/admin-C9BcdKVi.mjs (675 B)[39m[90m (319 B gzip)[39m
[90m  Ôö£ÔöÇ .vercel/output/functions/__fallback.func/chunks/build/admin-C9BcdKVi.mjs.map (191 B)[39m[90m (155 B gzip)[39m
[90m  Ôö£ÔöÇ .vercel/output/functions/__fallback.func/chunks/build/ai-usage-By9vwO5L.mjs (10.5 kB)[39m[90m (2.77 kB gzip)[39m
[90m  Ôö£ÔöÇ .vercel/output/functions/__fallback.func/chunks/build/ai-usage-By9vwO5L.mjs.map (197 B)[39m[90m (159 B gzip)[39m
[90m  Ôö£ÔöÇ .vercel/output/functions/__fallback.func/chunks/build/app-styles.CmnFGiPU.mjs (1.07 kB)[39m[90m (538 B gzip)[39m
[90m  Ôö£ÔöÇ .vercel/output/functions/__fallback.func/chunks/build/app-styles.CmnFGiPU.mjs.map (311 B)[39m[90m (187 B gzip)[39m
[90m  Ôö£ÔöÇ .vercel/output/functions/__fallback.func/chunks/build/AppHeader-styles.DyPglwKh.mjs (1.21 kB)[39m[90m (602 B gzip)[39m
[90m  Ôö£ÔöÇ .vercel/output/functions/__fallback.func/chunks/build/AppHeader-styles.DyPglwKh.mjs.map (329 B)[39m[90m (192 B gzip)[39m
[90m  Ôö£ÔöÇ .vercel/output/functions/__fallback.func/chunks/build/auth-CF2JMGey.mjs (672 B)[39m[90m (320 B gzip)[39m
[90m  Ôö£ÔöÇ .vercel/output/functions/__fallback.func/chunks/build/auth-CF2JMGey.mjs.map (189 B)[39m[90m (158 B gzip)[39m
[90m  Ôö£ÔöÇ .vercel/output/functions/__fallback.func/chunks/build/career-nyYs8hbk.mjs (6.04 kB)[39m[90m (2.21 kB gzip)[39m
[90m  Ôö£ÔöÇ .vercel/output/functions/__fallback.func/chunks/build/career-nyYs8hbk.mjs.map (193 B)[39m[90m (155 B gzip)[39m
[90m  Ôö£ÔöÇ .vercel/output/functions/__fallback.func/chunks/build/chat-BaB7Sa1y.mjs (41.5 kB)[39m[90m (8.74 kB gzip)[39m
[90m  Ôö£ÔöÇ .vercel/output/functions/__fallback.func/chunks/build/chat-BaB7Sa1y.mjs.map (189 B)[39m[90m (157 B gzip)[39m
[90m  Ôö£ÔöÇ .vercel/output/functions/__fallback.func/chunks/build/chat-styles.BJGKEiNZ.mjs (5.42 kB)[39m[90m (1.67 kB gzip)[39m
[90m  Ôö£ÔöÇ .vercel/output/functions/__fallback.func/chunks/build/chat-styles.BJGKEiNZ.mjs.map (314 B)[39m[90m (190 B gzip)[39m
[90m  Ôö£ÔöÇ .vercel/output/functions/__fallback.func/chunks/build/client.precomputed.mjs (28.8 kB)[39m[90m (3.13 kB gzip)[39m
[90m  Ôö£ÔöÇ .vercel/output/functions/__fallback.func/chunks/build/client.precomputed.mjs.map (194 B)[39m[90m (150 B gzip)[39m
[90m  Ôö£ÔöÇ .vercel/output/functions/__fallback.func/chunks/build/compare-B8Dz2LxZ.mjs (52.3 kB)[39m[90m (8.68 kB gzip)[39m
[90m  Ôö£ÔöÇ .vercel/output/functions/__fallback.func/chunks/build/compare-B8Dz2LxZ.mjs.map (195 B)[39m[90m (158 B gzip)[39m
[90m  Ôö£ÔöÇ .vercel/output/functions/__fallback.func/chunks/build/discover-ByyrQwAG.mjs (10.9 kB)[39m[90m (3.66 kB gzip)[39m
[90m  Ôö£ÔöÇ .vercel/output/functions/__fallback.func/chunks/build/discover-ByyrQwAG.mjs.map (197 B)[39m[90m (159 B gzip)[39m
[90m  Ôö£ÔöÇ .vercel/output/functions/__fallback.func/chunks/build/DiscoveringModal-BY-EVnCe.mjs (1.61 kB)[39m[90m (822 B gzip)[39m
[90m  Ôö£ÔöÇ .vercel/output/functions/__fallback.func/chunks/build/DiscoveringModal-BY-EVnCe.mjs.map (213 B)[39m[90m (165 B gzip)[39m
[90m  Ôö£ÔöÇ .vercel/output/functions/__fallback.func/chunks/build/explore-bbYdC1xQ.mjs (16.3 kB)[39m[90m (4.72 kB gzip)[39m
[90m  Ôö£ÔöÇ .vercel/output/functions/__fallback.func/chunks/build/explore-bbYdC1xQ.mjs.map (195 B)[39m[90m (157 B gzip)[39m
[90m  Ôö£ÔöÇ .vercel/output/functions/__fallback.func/chunks/build/index-_HS3S71L.mjs (55.6 kB)[39m[90m (11.4 kB gzip)[39m
[90m  Ôö£ÔöÇ .vercel/output/functions/__fallback.func/chunks/build/index-_HS3S71L.mjs.map (234 B)[39m[90m (174 B gzip)[39m
[90m  Ôö£ÔöÇ .vercel/output/functions/__fallback.func/chunks/build/index-tj-JLtog.mjs (7.45 kB)[39m[90m (1.95 kB gzip)[39m
[90m  Ôö£ÔöÇ .vercel/output/functions/__fallback.func/chunks/build/index-tj-JLtog.mjs.map (191 B)[39m[90m (153 B gzip)[39m
[90m  Ôö£ÔöÇ .vercel/output/functions/__fallback.func/chunks/build/InstitutionLogo-D11gVf_Y.mjs (2.55 kB)[39m[90m (1.12 kB gzip)[39m
[90m  Ôö£ÔöÇ .vercel/output/functions/__fallback.func/chunks/build/InstitutionLogo-D11gVf_Y.mjs.map (211 B)[39m[90m (163 B gzip)[39m
[90m  Ôö£ÔöÇ .vercel/output/functions/__fallback.func/chunks/build/institutions-fGhHGB6Z.mjs (11.2 kB)[39m[90m (3.41 kB gzip)[39m
[90m  Ôö£ÔöÇ .vercel/output/functions/__fallback.func/chunks/build/institutions-fGhHGB6Z.mjs.map (205 B)[39m[90m (162 B gzip)[39m
[90m  Ôö£ÔöÇ .vercel/output/functions/__fallback.func/chunks/build/institutions-styles.DCVosskF.mjs (511 B)[39m[90m (268 B gzip)[39m
[90m  Ôö£ÔöÇ .vercel/output/functions/__fallback.func/chunks/build/institutions-styles.DCVosskF.mjs.map (338 B)[39m[90m (190 B gzip)[39m
[90m  Ôö£ÔöÇ .vercel/output/functions/__fallback.func/chunks/build/interval-xw3ItjDc.mjs (376 B)[39m[90m (274 B gzip)[39m
[90m  Ôö£ÔöÇ .vercel/output/functions/__fallback.func/chunks/build/interval-xw3ItjDc.mjs.map (197 B)[39m[90m (157 B gzip)[39m
[90m  Ôö£ÔöÇ .vercel/output/functions/__fallback.func/chunks/build/LoadingSpinner-CwlrVT1Q.mjs (1.46 kB)[39m[90m (706 B gzip)[39m
[90m  Ôö£ÔöÇ .vercel/output/functions/__fallback.func/chunks/build/LoadingSpinner-CwlrVT1Q.mjs.map (209 B)[39m[90m (164 B gzip)[39m
[90m  Ôö£ÔöÇ .vercel/output/functions/__fallback.func/chunks/build/login-BlgP1Do4.mjs (22.7 kB)[39m[90m (5.19 kB gzip)[39m
[90m  Ôö£ÔöÇ .vercel/output/functions/__fallback.func/chunks/build/login-BlgP1Do4.mjs.map (191 B)[39m[90m (155 B gzip)[39m
[90m  Ôö£ÔöÇ .vercel/output/functions/__fallback.func/chunks/build/login-styles.D2vM22v_.mjs (783 B)[39m[90m (301 B gzip)[39m
[90m  Ôö£ÔöÇ .vercel/output/functions/__fallback.func/chunks/build/login-styles.D2vM22v_.mjs.map (317 B)[39m[90m (187 B gzip)[39m
[90m  Ôö£ÔöÇ .vercel/output/functions/__fallback.func/chunks/build/paes-simulator-3G7FaPyA.mjs (22.8 kB)[39m[90m (5.97 kB gzip)[39m
[90m  Ôö£ÔöÇ .vercel/output/functions/__fallback.func/chunks/build/paes-simulator-3G7FaPyA.mjs.map (209 B)[39m[90m (164 B gzip)[39m
[90m  Ôö£ÔöÇ .vercel/output/functions/__fallback.func/chunks/build/PaesSimulatingModal-styles.CFdznc1o.mjs (936 B)[39m[90m (379 B gzip)[39m
[90m  Ôö£ÔöÇ .vercel/output/functions/__fallback.func/chunks/build/PaesSimulatingModal-styles.CFdznc1o.mjs.map (359 B)[39m[90m (201 B gzip)[39m
[90m  Ôö£ÔöÇ .vercel/output/functions/__fallback.func/chunks/build/plans-BFrQNyQc.mjs (4.7 kB)[39m[90m (1.76 kB gzip)[39m
[90m  Ôö£ÔöÇ .vercel/output/functions/__fallback.func/chunks/build/plans-BFrQNyQc.mjs.map (191 B)[39m[90m (156 B gzip)[39m
[90m  Ôö£ÔöÇ .vercel/output/functions/__fallback.func/chunks/build/profile-DcCAMkOM.mjs (23.9 kB)[39m[90m (5.61 kB gzip)[39m
[90m  Ôö£ÔöÇ .vercel/output/functions/__fallback.func/chunks/build/profile-DcCAMkOM.mjs.map (195 B)[39m[90m (158 B gzip)[39m
[90m  Ôö£ÔöÇ .vercel/output/functions/__fallback.func/chunks/build/programDetail-Kd4ALB3u.mjs (776 B)[39m[90m (378 B gzip)[39m
[90m  Ôö£ÔöÇ .vercel/output/functions/__fallback.func/chunks/build/programDetail-Kd4ALB3u.mjs.map (207 B)[39m[90m (162 B gzip)[39m
[90m  Ôö£ÔöÇ .vercel/output/functions/__fallback.func/chunks/build/QuizFlow-CP1LT5bC.mjs (12.4 kB)[39m[90m (4.11 kB gzip)[39m
[90m  Ôö£ÔöÇ .vercel/output/functions/__fallback.func/chunks/build/QuizFlow-CP1LT5bC.mjs.map (197 B)[39m[90m (162 B gzip)[39m
[90m  Ôö£ÔöÇ .vercel/output/functions/__fallback.func/chunks/build/ranking-B0062cjl.mjs (22.6 kB)[39m[90m (5.72 kB gzip)[39m
[90m  Ôö£ÔöÇ .vercel/output/functions/__fallback.func/chunks/build/ranking-B0062cjl.mjs.map (195 B)[39m[90m (157 B gzip)[39m
[90m  Ôö£ÔöÇ .vercel/output/functions/__fallback.func/chunks/build/ResultsChatPanel-BCenRchE.mjs (12.8 kB)[39m[90m (3.72 kB gzip)[39m
[90m  Ôö£ÔöÇ .vercel/output/functions/__fallback.func/chunks/build/ResultsChatPanel-BCenRchE.mjs.map (233 B)[39m[90m (176 B gzip)[39m
[90m  Ôö£ÔöÇ .vercel/output/functions/__fallback.func/chunks/build/ResultsChatPanel-styles.DTzh5K42.mjs (3.06 kB)[39m[90m (1.09 kB gzip)[39m
[90m  Ôö£ÔöÇ .vercel/output/functions/__fallback.func/chunks/build/ResultsChatPanel-styles.DTzh5K42.mjs.map (350 B)[39m[90m (197 B gzip)[39m
[90m  Ôö£ÔöÇ .vercel/output/functions/__fallback.func/chunks/build/saved-careers-BS_8tjcY.mjs (21.1 kB)[39m[90m (5.12 kB gzip)[39m
[90m  Ôö£ÔöÇ .vercel/output/functions/__fallback.func/chunks/build/saved-careers-BS_8tjcY.mjs.map (207 B)[39m[90m (161 B gzip)[39m
[90m  Ôö£ÔöÇ .vercel/output/functions/__fallback.func/chunks/build/SearchBar-L0ZYcY3h.mjs (5.81 kB)[39m[90m (2.32 kB gzip)[39m
[90m  Ôö£ÔöÇ .vercel/output/functions/__fallback.func/chunks/build/SearchBar-L0ZYcY3h.mjs.map (199 B)[39m[90m (159 B gzip)[39m
[90m  Ôö£ÔöÇ .vercel/output/functions/__fallback.func/chunks/build/server.mjs (113 kB)[39m[90m (28.4 kB gzip)[39m
[90m  Ôö£ÔöÇ .vercel/output/functions/__fallback.func/chunks/build/server.mjs.map (324 B)[39m[90m (187 B gzip)[39m
[90m  Ôö£ÔöÇ .vercel/output/functions/__fallback.func/chunks/build/styles.mjs (1.88 kB)[39m[90m (478 B gzip)[39m
[90m  Ôö£ÔöÇ .vercel/output/functions/__fallback.func/chunks/build/styles.mjs.map (170 B)[39m[90m (142 B gzip)[39m
[90m  Ôö£ÔöÇ .vercel/output/functions/__fallback.func/chunks/build/useInstitutionLogos-ONtRqXve.mjs (2.54 kB)[39m[90m (917 B gzip)[39m
[90m  Ôö£ÔöÇ .vercel/output/functions/__fallback.func/chunks/build/useInstitutionLogos-ONtRqXve.mjs.map (219 B)[39m[90m (166 B gzip)[39m
[90m  Ôö£ÔöÇ .vercel/output/functions/__fallback.func/chunks/build/useIntentTracker-YsU3TFRw.mjs (868 B)[39m[90m (455 B gzip)[39m
[90m  Ôö£ÔöÇ .vercel/output/functions/__fallback.func/chunks/build/useIntentTracker-YsU3TFRw.mjs.map (213 B)[39m[90m (166 B gzip)[39m
[90m  Ôö£ÔöÇ .vercel/output/functions/__fallback.func/chunks/build/UserAvatar-CQSAn8od.mjs (4.52 kB)[39m[90m (1.64 kB gzip)[39m
[90m  Ôö£ÔöÇ .vercel/output/functions/__fallback.func/chunks/build/UserAvatar-CQSAn8od.mjs.map (201 B)[39m[90m (161 B gzip)[39m
[90m  Ôö£ÔöÇ .vercel/output/functions/__fallback.func/chunks/routes/api/admin/ai-usage.get.mjs (4.17 kB)[39m[90m (1.35 kB gzip)[39m
[90m  Ôö£ÔöÇ .vercel/output/functions/__fallback.func/chunks/routes/api/admin/ai-usage.get.mjs.map (4.67 kB)[39m[90m (789 B gzip)[39m
[90m  Ôö£ÔöÇ .vercel/output/functions/__fallback.func/chunks/routes/api/admin/index.get.mjs (1.54 kB)[39m[90m (683 B gzip)[39m
[90m  Ôö£ÔöÇ .vercel/output/functions/__fallback.func/chunks/routes/api/admin/index.get.mjs.map (1.4 kB)[39m[90m (367 B gzip)[39m
[90m  Ôö£ÔöÇ .vercel/output/functions/__fallback.func/chunks/routes/api/admin/institutions/_code_.patch.mjs (2.87 kB)[39m[90m (1 kB gzip)[39m
[90m  Ôö£ÔöÇ .vercel/output/functions/__fallback.func/chunks/routes/api/admin/institutions/_code_.patch.mjs.map (2.58 kB)[39m[90m (579 B gzip)[39m
[90m  Ôö£ÔöÇ .vercel/output/functions/__fallback.func/chunks/routes/api/admin/plans.get.mjs (803 B)[39m[90m (411 B gzip)[39m
[90m  Ôö£ÔöÇ .vercel/output/functions/__fallback.func/chunks/routes/api/admin/plans.get.mjs.map (591 B)[39m[90m (234 B gzip)[39m
[90m  Ôö£ÔöÇ .vercel/output/functions/__fallback.func/chunks/routes/api/careers/_id_.get.mjs (1.22 kB)[39m[90m (597 B gzip)[39m
[90m  Ôö£ÔöÇ .vercel/output/functions/__fallback.func/chunks/routes/api/careers/_id_.get.mjs.map (824 B)[39m[90m (288 B gzip)[39m
[90m  Ôö£ÔöÇ .vercel/output/functions/__fallback.func/chunks/routes/api/careers/official-salary.get.mjs (1.12 kB)[39m[90m (528 B gzip)[39m
[90m  Ôö£ÔöÇ .vercel/output/functions/__fallback.func/chunks/routes/api/careers/official-salary.get.mjs.map (731 B)[39m[90m (276 B gzip)[39m
[90m  Ôö£ÔöÇ .vercel/output/functions/__fallback.func/chunks/routes/api/chat.post.mjs (101 kB)[39m[90m (25.4 kB gzip)[39m
[90m  Ôö£ÔöÇ .vercel/output/functions/__fallback.func/chunks/routes/api/chat.post.mjs.map (81.7 kB)[39m[90m (10.8 kB gzip)[39m
[90m  Ôö£ÔöÇ .vercel/output/functions/__fallback.func/chunks/routes/api/chat/session.delete.mjs (1.14 kB)[39m[90m (504 B gzip)[39m
[90m  Ôö£ÔöÇ .vercel/output/functions/__fallback.func/chunks/routes/api/chat/session.delete.mjs.map (858 B)[39m[90m (293 B gzip)[39m
[90m  Ôö£ÔöÇ .vercel/output/functions/__fallback.func/chunks/routes/api/chat/sessions.delete.mjs (879 B)[39m[90m (417 B gzip)[39m
[90m  Ôö£ÔöÇ .vercel/output/functions/__fallback.func/chunks/routes/api/chat/sessions.delete.mjs.map (589 B)[39m[90m (244 B gzip)[39m
[90m  Ôö£ÔöÇ .vercel/output/functions/__fallback.func/chunks/routes/api/compare.get.mjs (1.53 kB)[39m[90m (727 B gzip)[39m
[90m  Ôö£ÔöÇ .vercel/output/functions/__fallback.func/chunks/routes/api/compare.get.mjs.map (1.12 kB)[39m[90m (309 B gzip)[39m
[90m  Ôö£ÔöÇ .vercel/output/functions/__fallback.func/chunks/routes/api/discover.post.mjs (24.5 kB)[39m[90m (6.72 kB gzip)[39m
[90m  Ôö£ÔöÇ .vercel/output/functions/__fallback.func/chunks/routes/api/discover.post.mjs.map (18.6 kB)[39m[90m (2.25 kB gzip)[39m
[90m  Ôö£ÔöÇ .vercel/output/functions/__fallback.func/chunks/routes/api/discover/_id_.get.mjs (1.18 kB)[39m[90m (563 B gzip)[39m
[90m  Ôö£ÔöÇ .vercel/output/functions/__fallback.func/chunks/routes/api/discover/_id_.get.mjs.map (862 B)[39m[90m (292 B gzip)[39m
[90m  Ôö£ÔöÇ .vercel/output/functions/__fallback.func/chunks/routes/api/index.get.mjs (1.51 kB)[39m[90m (736 B gzip)[39m
[90m  Ôö£ÔöÇ .vercel/output/functions/__fallback.func/chunks/routes/api/index.get.mjs.map (1.35 kB)[39m[90m (363 B gzip)[39m
[90m  Ôö£ÔöÇ .vercel/output/functions/__fallback.func/chunks/routes/api/intent-events.post.mjs (2.42 kB)[39m[90m (979 B gzip)[39m
[90m  Ôö£ÔöÇ .vercel/output/functions/__fallback.func/chunks/routes/api/intent-events.post.mjs.map (2.31 kB)[39m[90m (496 B gzip)[39m
[90m  Ôö£ÔöÇ .vercel/output/functions/__fallback.func/chunks/routes/api/ranking/institutions.get.mjs (6.98 kB)[39m[90m (2.06 kB gzip)[39m
[90m  Ôö£ÔöÇ .vercel/output/functions/__fallback.func/chunks/routes/api/ranking/institutions.get.mjs.map (6.04 kB)[39m[90m (1.41 kB gzip)[39m
[90m  Ôö£ÔöÇ .vercel/output/functions/__fallback.func/chunks/routes/api/saved/programs.get.mjs (1.26 kB)[39m[90m (565 B gzip)[39m
[90m  Ôö£ÔöÇ .vercel/output/functions/__fallback.func/chunks/routes/api/saved/programs.get.mjs.map (779 B)[39m[90m (276 B gzip)[39m
[90m  Ôö£ÔöÇ .vercel/output/functions/__fallback.func/chunks/routes/api/saved/programs.post.mjs (2.65 kB)[39m[90m (909 B gzip)[39m
[90m  Ôö£ÔöÇ .vercel/output/functions/__fallback.func/chunks/routes/api/saved/programs.post.mjs.map (2.19 kB)[39m[90m (452 B gzip)[39m
[90m  Ôö£ÔöÇ .vercel/output/functions/__fallback.func/chunks/routes/api/saved/programs/_programUniqueCode_.delete.mjs (1.2 kB)[39m[90m (504 B gzip)[39m
[90m  Ôö£ÔöÇ .vercel/output/functions/__fallback.func/chunks/routes/api/saved/programs/_programUniqueCode_.delete.mjs.map (805 B)[39m[90m (298 B gzip)[39m
[90m  Ôö£ÔöÇ .vercel/output/functions/__fallback.func/chunks/routes/api/tools/career-employability-by-institution.get.mjs (4.71 kB)[39m[90m (1.42 kB gzip)[39m
[90m  Ôö£ÔöÇ .vercel/output/functions/__fallback.func/chunks/routes/api/tools/career-employability-by-institution.get.mjs.map (4.17 kB)[39m[90m (762 B gzip)[39m
[90m  Ôö£ÔöÇ .vercel/output/functions/__fallback.func/chunks/routes/api/tools/career-stats-detailed.get.mjs (4.86 kB)[39m[90m (1.69 kB gzip)[39m
[90m  Ôö£ÔöÇ .vercel/output/functions/__fallback.func/chunks/routes/api/tools/career-stats-detailed.get.mjs.map (4.21 kB)[39m[90m (805 B gzip)[39m
[90m  Ôö£ÔöÇ .vercel/output/functions/__fallback.func/chunks/routes/api/tools/compare-curriculums.post.mjs (4.48 kB)[39m[90m (1.5 kB gzip)[39m
[90m  Ôö£ÔöÇ .vercel/output/functions/__fallback.func/chunks/routes/api/tools/compare-curriculums.post.mjs.map (3.68 kB)[39m[90m (738 B gzip)[39m
[90m  Ôö£ÔöÇ .vercel/output/functions/__fallback.func/chunks/routes/api/tools/compare-institutions.get.mjs (6.23 kB)[39m[90m (1.99 kB gzip)[39m
[90m  Ôö£ÔöÇ .vercel/output/functions/__fallback.func/chunks/routes/api/tools/compare-institutions.get.mjs.map (5.65 kB)[39m[90m (976 B gzip)[39m
[90m  Ôö£ÔöÇ .vercel/output/functions/__fallback.func/chunks/routes/api/tools/filters-catalog.get.mjs (1.62 kB)[39m[90m (706 B gzip)[39m
[90m  Ôö£ÔöÇ .vercel/output/functions/__fallback.func/chunks/routes/api/tools/filters-catalog.get.mjs.map (1.42 kB)[39m[90m (366 B gzip)[39m
[90m  Ôö£ÔöÇ .vercel/output/functions/__fallback.func/chunks/routes/api/tools/financial-stats.get.mjs (1.57 kB)[39m[90m (661 B gzip)[39m
[90m  Ôö£ÔöÇ .vercel/output/functions/__fallback.func/chunks/routes/api/tools/financial-stats.get.mjs.map (1.16 kB)[39m[90m (360 B gzip)[39m
[90m  Ôö£ÔöÇ .vercel/output/functions/__fallback.func/chunks/routes/api/tools/get-institution.get.mjs (3.33 kB)[39m[90m (1.22 kB gzip)[39m
[90m  Ôö£ÔöÇ .vercel/output/functions/__fallback.func/chunks/routes/api/tools/get-institution.get.mjs.map (2.22 kB)[39m[90m (528 B gzip)[39m
[90m  Ôö£ÔöÇ .vercel/output/functions/__fallback.func/chunks/routes/api/tools/get-program-detail.get.mjs (7.16 kB)[39m[90m (2.25 kB gzip)[39m
[90m  Ôö£ÔöÇ .vercel/output/functions/__fallback.func/chunks/routes/api/tools/get-program-detail.get.mjs.map (4.55 kB)[39m[90m (886 B gzip)[39m
[90m  Ôö£ÔöÇ .vercel/output/functions/__fallback.func/chunks/routes/api/tools/rank-careers.get.mjs (2.41 kB)[39m[90m (1.04 kB gzip)[39m
[90m  Ôö£ÔöÇ .vercel/output/functions/__fallback.func/chunks/routes/api/tools/rank-careers.get.mjs.map (2.19 kB)[39m[90m (506 B gzip)[39m
[90m  Ôö£ÔöÇ .vercel/output/functions/__fallback.func/chunks/routes/api/tools/rank-institutions.get.mjs (2.49 kB)[39m[90m (1.05 kB gzip)[39m
[90m  Ôö£ÔöÇ .vercel/output/functions/__fallback.func/chunks/routes/api/tools/rank-institutions.get.mjs.map (2.13 kB)[39m[90m (517 B gzip)[39m
[90m  Ôö£ÔöÇ .vercel/output/functions/__fallback.func/chunks/routes/api/tools/search-career-match.post.mjs (26.8 kB)[39m[90m (5.9 kB gzip)[39m
[90m  Ôö£ÔöÇ .vercel/output/functions/__fallback.func/chunks/routes/api/tools/search-career-match.post.mjs.map (24.4 kB)[39m[90m (3.08 kB gzip)[39m
[90m  Ôö£ÔöÇ .vercel/output/functions/__fallback.func/chunks/routes/renderer.mjs (15.9 kB)[39m[90m (4.96 kB gzip)[39m
[90m  Ôö£ÔöÇ .vercel/output/functions/__fallback.func/chunks/routes/renderer.mjs.map (899 B)[39m[90m (275 B gzip)[39m
[90m  Ôö£ÔöÇ .vercel/output/functions/__fallback.func/chunks/virtual/_virtual_spa-template.mjs (94 B)[39m[90m (100 B gzip)[39m
[90m  Ôö£ÔöÇ .vercel/output/functions/__fallback.func/chunks/virtual/_virtual_spa-template.mjs.map (90 B)[39m[90m (98 B gzip)[39m
[90m  Ôö£ÔöÇ .vercel/output/functions/__fallback.func/index.mjs (1.42 kB)[39m[90m (598 B gzip)[39m
[90m  ÔööÔöÇ .vercel/output/functions/__fallback.func/package.json (1.66 kB)[39m[90m (610 B gzip)[39m
[36m╬ú Total size:[39m 69.8 MB (26.9 MB gzip)
[90m[[90mnitro[90m][39m [32mÔ£ö[39m You can deploy this build using [36mnpx vercel deploy --prebuilt[39m
Ôöé
Ôöö  Ô£¿ Build complete!
